<html>
<body>
<pre>
<h1>µVision Build Log</h1>
<h2>Tool Versions:</h2>
IDE-Version: µVision V5.36.0.0
Copyright (C) 2021 ARM Ltd and ARM Germany GmbH. All rights reserved.
License Information: muhammet ilal, AGU, LIC=----
 
Tool Versions:
Toolchain:       MDK-Lite  Version: 5.36.0.0
Toolchain Path:  C:\Keil_v5\ARM\ARMCC\Bin
C Compiler:      Armcc.exe V5.06 update 7 (build 960)
Assembler:       Armasm.exe V5.06 update 7 (build 960)
Linker/Locator:  ArmLink.exe V5.06 update 7 (build 960)
Library Manager: ArmAr.exe V5.06 update 7 (build 960)
Hex Converter:   FromElf.exe V5.06 update 7 (build 960)
CPU DLL:         SARMCM3.DLL V5.36.0.0
Dialog DLL:      DCM.DLL V1.17.3.0
Target DLL:      STLink\ST-LINKIII-KEIL_SWO.dll V3.0.9.0
Dialog DLL:      TCM.DLL V1.53.0.0
 
<h2>Project:</h2>
C:\Users\LENOVO\Desktop\3th year\EE3002\PROJECT\FINAL\ADG_QTR-8RC - Kopya\MDK-ARM\ADG_QTR-8RC.uvprojx
Project File Date:  01/22/2022

<h2>Output:</h2>
*** Using Compiler 'V5.06 update 7 (build 960)', folder: 'C:\Keil_v5\ARM\ARMCC\Bin'
Build target 'ADG_QTR-8RC'
compiling main.c...
../Core/Src/main.c(146): warning:  #188-D: enumerated type mixed with another type
  	HAL_GPIO_WritePin(LEDON_GPIO_Port, LEDON_Pin, 1);
../Core/Src/main.c(157): warning:  #188-D: enumerated type mixed with another type
  	HAL_GPIO_WritePin (SENSOR1_GPIO_Port, SENSOR1_Pin, 1);
../Core/Src/main.c(158): warning:  #188-D: enumerated type mixed with another type
  	HAL_GPIO_WritePin (SENSOR2_GPIO_Port, SENSOR2_Pin, 1);
../Core/Src/main.c(159): warning:  #188-D: enumerated type mixed with another type
  	HAL_GPIO_WritePin (SENSOR3_GPIO_Port, SENSOR3_Pin, 1);
../Core/Src/main.c(160): warning:  #188-D: enumerated type mixed with another type
  	HAL_GPIO_WritePin (SENSOR4_GPIO_Port, SENSOR4_Pin, 1);
../Core/Src/main.c(161): warning:  #188-D: enumerated type mixed with another type
  	HAL_GPIO_WritePin (SENSOR5_GPIO_Port, SENSOR5_Pin, 1);
../Core/Src/main.c(162): warning:  #188-D: enumerated type mixed with another type
  	HAL_GPIO_WritePin (SENSOR6_GPIO_Port, SENSOR6_Pin, 1);
../Core/Src/main.c(163): warning:  #188-D: enumerated type mixed with another type
  	HAL_GPIO_WritePin (SENSOR7_GPIO_Port, SENSOR7_Pin, 1);
../Core/Src/main.c(164): warning:  #188-D: enumerated type mixed with another type
  	HAL_GPIO_WritePin (SENSOR8_GPIO_Port, SENSOR8_Pin, 1);
../Core/Src/main.c(275): warning:  #188-D: enumerated type mixed with another type
  		HAL_GPIO_WritePin(GPIOC,GPIO_PIN_13,1);
../Core/Src/main.c(276): warning:  #188-D: enumerated type mixed with another type
  		HAL_GPIO_WritePin(GPIOC,GPIO_PIN_14,0);
../Core/Src/main.c(281): warning:  #188-D: enumerated type mixed with another type
  		HAL_GPIO_WritePin(GPIOC,GPIO_PIN_14,1);
../Core/Src/main.c(282): warning:  #188-D: enumerated type mixed with another type
  		HAL_GPIO_WritePin(GPIOC,GPIO_PIN_13,0);
../Core/Src/main.c(285): warning:  #188-D: enumerated type mixed with another type
  		HAL_GPIO_WritePin(GPIOC,GPIO_PIN_13,0);
../Core/Src/main.c(286): warning:  #188-D: enumerated type mixed with another type
  		HAL_GPIO_WritePin(GPIOC,GPIO_PIN_14,0);
../Core/Src/main.c(295): warning:  #188-D: enumerated type mixed with another type
  		  HAL_GPIO_WritePin(GPIOB,GPIO_PIN_12,0);  ///FORWARD 0 1 AND 1 0 BACK
../Core/Src/main.c(296): warning:  #188-D: enumerated type mixed with another type
  		  HAL_GPIO_WritePin(GPIOB,GPIO_PIN_13,1);
../Core/Src/main.c(299): warning:  #188-D: enumerated type mixed with another type
    	  HAL_GPIO_WritePin(GPIOB,GPIO_PIN_14,1);  ///FORWARD 0 1 AND 1 0 BACK
../Core/Src/main.c(300): warning:  #188-D: enumerated type mixed with another type
  		  HAL_GPIO_WritePin(GPIOB,GPIO_PIN_15,0);
../Core/Src/main.c(308): warning:  #188-D: enumerated type mixed with another type
  		  HAL_GPIO_WritePin(GPIOB,GPIO_PIN_12,1);  ///FORWARD 0 1 AND 1 0 BACK
../Core/Src/main.c(309): warning:  #188-D: enumerated type mixed with another type
  		  HAL_GPIO_WritePin(GPIOB,GPIO_PIN_13,0);
../Core/Src/main.c(312): warning:  #188-D: enumerated type mixed with another type
    	  HAL_GPIO_WritePin(GPIOB,GPIO_PIN_14,0);  ///FORWARD 0 1 AND 1 0 BACK
../Core/Src/main.c(313): warning:  #188-D: enumerated type mixed with another type
  		  HAL_GPIO_WritePin(GPIOB,GPIO_PIN_15,1);
../Core/Src/main.c(326): warning:  #188-D: enumerated type mixed with another type
  		  HAL_GPIO_WritePin(GPIOB,GPIO_PIN_12,1);  ///FORWARD 0 1 AND 1 0 BACK
../Core/Src/main.c(327): warning:  #188-D: enumerated type mixed with another type
  		  HAL_GPIO_WritePin(GPIOB,GPIO_PIN_13,0);
../Core/Src/main.c(330): warning:  #188-D: enumerated type mixed with another type
    	  HAL_GPIO_WritePin(GPIOB,GPIO_PIN_14,0);  ///FORWARD 0 1 AND 1 0 BACK
../Core/Src/main.c(331): warning:  #188-D: enumerated type mixed with another type
  		  HAL_GPIO_WritePin(GPIOB,GPIO_PIN_15,1);
../Core/Src/main.c(339): warning:  #188-D: enumerated type mixed with another type
  		  HAL_GPIO_WritePin(GPIOB,GPIO_PIN_12,0);  ///FORWARD 0 1 AND 1 0 BACK
../Core/Src/main.c(340): warning:  #188-D: enumerated type mixed with another type
  		  HAL_GPIO_WritePin(GPIOB,GPIO_PIN_13,1);
../Core/Src/main.c(343): warning:  #188-D: enumerated type mixed with another type
    	  HAL_GPIO_WritePin(GPIOB,GPIO_PIN_14,1);  ///FORWARD 0 1 AND 1 0 BACK
../Core/Src/main.c(344): warning:  #188-D: enumerated type mixed with another type
  		  HAL_GPIO_WritePin(GPIOB,GPIO_PIN_15,0);
../Core/Src/main.c(354): warning:  #188-D: enumerated type mixed with another type
  		  HAL_GPIO_WritePin(GPIOB,GPIO_PIN_12,0);  ///FORWARD 0 1 AND 1 0 BACK
../Core/Src/main.c(355): warning:  #188-D: enumerated type mixed with another type
  		  HAL_GPIO_WritePin(GPIOB,GPIO_PIN_13,1);
../Core/Src/main.c(358): warning:  #188-D: enumerated type mixed with another type
    	  HAL_GPIO_WritePin(GPIOB,GPIO_PIN_14,1);  ///FORWARD 0 1 AND 1 0 BACK
../Core/Src/main.c(359): warning:  #188-D: enumerated type mixed with another type
  		  HAL_GPIO_WritePin(GPIOB,GPIO_PIN_15,0);
../Core/Src/main.c(366): warning:  #188-D: enumerated type mixed with another type
  		  HAL_GPIO_WritePin(GPIOB,GPIO_PIN_12,1);  ///FORWARD 0 1 AND 1 0 BACK
../Core/Src/main.c(367): warning:  #188-D: enumerated type mixed with another type
  		  HAL_GPIO_WritePin(GPIOB,GPIO_PIN_13,0);
../Core/Src/main.c(370): warning:  #188-D: enumerated type mixed with another type
    	  HAL_GPIO_WritePin(GPIOB,GPIO_PIN_14,0);  ///FORWARD 0 1 AND 1 0 BACK
../Core/Src/main.c(371): warning:  #188-D: enumerated type mixed with another type
  		  HAL_GPIO_WritePin(GPIOB,GPIO_PIN_15,1);
../Core/Src/main.c(383): warning:  #188-D: enumerated type mixed with another type
  		  HAL_GPIO_WritePin(GPIOB,GPIO_PIN_12,0);  ///FORWARD 0 1 AND 1 0 BACK
../Core/Src/main.c(384): warning:  #188-D: enumerated type mixed with another type
  		  HAL_GPIO_WritePin(GPIOB,GPIO_PIN_13,1);
../Core/Src/main.c(387): warning:  #188-D: enumerated type mixed with another type
    	  HAL_GPIO_WritePin(GPIOB,GPIO_PIN_14,0);  ///FORWARD 0 1 AND 1 0 BACK
../Core/Src/main.c(388): warning:  #188-D: enumerated type mixed with another type
  		  HAL_GPIO_WritePin(GPIOB,GPIO_PIN_15,1);
../Core/Src/main.c(394): warning:  #188-D: enumerated type mixed with another type
  		  HAL_GPIO_WritePin(GPIOB,GPIO_PIN_12,0);  ///FORWARD 0 1 AND 1 0 BACK
../Core/Src/main.c(395): warning:  #188-D: enumerated type mixed with another type
  		  HAL_GPIO_WritePin(GPIOB,GPIO_PIN_13,1);
../Core/Src/main.c(398): warning:  #188-D: enumerated type mixed with another type
    	  HAL_GPIO_WritePin(GPIOB,GPIO_PIN_14,0);  ///FORWARD 0 1 AND 1 0 BACK
../Core/Src/main.c(399): warning:  #188-D: enumerated type mixed with another type
  		  HAL_GPIO_WritePin(GPIOB,GPIO_PIN_15,1);
../Core/Src/main.c(408): warning:  #940-D: missing return statement at end of non-void function "QTR8_read" 
  }
../Core/Src/main.c: 48 warnings, 0 errors
linking...
Program Size: Code=8850 RO-data=294 RW-data=64 ZI-data=1984  
FromELF: creating hex file...
"ADG_QTR-8RC\ADG_QTR-8RC.axf" - 0 Error(s), 48 Warning(s).

<h2>Software Packages used:</h2>

Package Vendor: ARM
                http://www.keil.com/pack/ARM.CMSIS.5.8.0.pack
                ARM.CMSIS.5.8.0
                CMSIS (Common Microcontroller Software Interface Standard)
   * Component: CORE Version: 5.5.0

Package Vendor: Keil
                http://www.keil.com/pack/Keil.STM32F1xx_DFP.2.3.0.pack
                Keil.STM32F1xx_DFP.2.3.0
                STMicroelectronics STM32F1 Series Device Support, Drivers and Examples

<h2>Collection of Component include folders:</h2>
  .\RTE\_ADG_QTR-8RC
  C:\Users\LENOVO\AppData\Local\Arm\Packs\ARM\CMSIS\5.8.0\CMSIS\Core\Include
  C:\Users\LENOVO\AppData\Local\Arm\Packs\Keil\STM32F1xx_DFP\2.3.0\Device\Include

<h2>Collection of Component Files used:</h2>

   * Component: ARM::CMSIS:CORE:5.5.0
      Include file:  CMSIS\Core\Include\tz_context.h
Build Time Elapsed:  00:00:02
</pre>
</body>
</html>
